// Jest Snapshot v1, https://goo.gl/fbAQLP

exports[`Simple Builder [] 1`] = `
[
  "┌┐",
  "└┘",
]
`;

exports[`Simple Builder [] 2`] = `
[
  "┏┓",
  "┗┛",
]
`;

exports[`Simple Builder [] 3`] = `
[
  "╔╗",
  "╚╝",
]
`;

exports[`Simple Builder [] 4`] = `
[
  "╭╮",
  "╰╯",
]
`;

exports[`Simple Builder [] 5`] = `
[
  "┎┒",
  "┖┚",
]
`;

exports[`Simple Builder [] 6`] = `
[
  "┍┑",
  "┕┙",
]
`;

exports[`Simple Builder [] 7`] = `
[
  "╓╖",
  "╙╜",
]
`;

exports[`Simple Builder [] 8`] = `
[
  "╒╕",
  "╘╛",
]
`;

exports[`Simple Builder [] 9`] = `
[
  "┌┐",
  "└┘",
]
`;

exports[`Simple Builder [] 10`] = `
[
  "╔╗",
  "╚╝",
]
`;

exports[`Simple Builder [] 11`] = `
[
  "┏┓",
  "┗┛",
]
`;

exports[`Simple Builder [] 12`] = `
[
  "┌┐",
  "└┘",
]
`;

exports[`Simple Builder [] 13`] = `
[
  "╭╮",
  "╰╯",
]
`;

exports[`Simple Builder [] 14`] = `
[
  "╭╮",
  "╰╯",
]
`;

exports[`Simple Builder [A] 1`] = `
[
  "┌─┐",
  "│A│",
  "└─┘",
]
`;

exports[`Simple Builder [A] 2`] = `
[
  "┏━┓",
  "┃A┃",
  "┗━┛",
]
`;

exports[`Simple Builder [A] 3`] = `
[
  "╔═╗",
  "║A║",
  "╚═╝",
]
`;

exports[`Simple Builder [A] 4`] = `
[
  "╭─╮",
  "│A│",
  "╰─╯",
]
`;

exports[`Simple Builder [A] 5`] = `
[
  "┎─┒",
  "┃A┃",
  "┖─┚",
]
`;

exports[`Simple Builder [A] 6`] = `
[
  "┍━┑",
  "│A│",
  "┕━┙",
]
`;

exports[`Simple Builder [A] 7`] = `
[
  "╓─╖",
  "║A║",
  "╙─╜",
]
`;

exports[`Simple Builder [A] 8`] = `
[
  "╒═╕",
  "│A│",
  "╘═╛",
]
`;

exports[`Simple Builder [A] 9`] = `
[
  "┌─┐",
  "│A│",
  "└─┘",
]
`;

exports[`Simple Builder [A] 10`] = `
[
  "╔═╗",
  "║A║",
  "╚═╝",
]
`;

exports[`Simple Builder [A] 11`] = `
[
  "┏━┓",
  "┃A┃",
  "┗━┛",
]
`;

exports[`Simple Builder [A] 12`] = `
[
  "┌─┐",
  "│A│",
  "└─┘",
]
`;

exports[`Simple Builder [A] 13`] = `
[
  "╭─╮",
  "│A│",
  "╰─╯",
]
`;

exports[`Simple Builder [A] 14`] = `
[
  "╭─╮",
  "│A│",
  "╰─╯",
]
`;

exports[`Simple Builder [Hello World] 1`] = `
[
  "┌───────────┐",
  "│Hello World│",
  "└───────────┘",
]
`;

exports[`Simple Builder [Hello World] 2`] = `
[
  "┏━━━━━━━━━━━┓",
  "┃Hello World┃",
  "┗━━━━━━━━━━━┛",
]
`;

exports[`Simple Builder [Hello World] 3`] = `
[
  "╔═══════════╗",
  "║Hello World║",
  "╚═══════════╝",
]
`;

exports[`Simple Builder [Hello World] 4`] = `
[
  "╭───────────╮",
  "│Hello World│",
  "╰───────────╯",
]
`;

exports[`Simple Builder [Hello World] 5`] = `
[
  "┎───────────┒",
  "┃Hello World┃",
  "┖───────────┚",
]
`;

exports[`Simple Builder [Hello World] 6`] = `
[
  "┍━━━━━━━━━━━┑",
  "│Hello World│",
  "┕━━━━━━━━━━━┙",
]
`;

exports[`Simple Builder [Hello World] 7`] = `
[
  "╓───────────╖",
  "║Hello World║",
  "╙───────────╜",
]
`;

exports[`Simple Builder [Hello World] 8`] = `
[
  "╒═══════════╕",
  "│Hello World│",
  "╘═══════════╛",
]
`;

exports[`Simple Builder [Hello World] 9`] = `
[
  "┌───────────┐",
  "│Hello World│",
  "└───────────┘",
]
`;

exports[`Simple Builder [Hello World] 10`] = `
[
  "╔═══════════╗",
  "║Hello World║",
  "╚═══════════╝",
]
`;

exports[`Simple Builder [Hello World] 11`] = `
[
  "┏━━━━━━━━━━━┓",
  "┃Hello World┃",
  "┗━━━━━━━━━━━┛",
]
`;

exports[`Simple Builder [Hello World] 12`] = `
[
  "┌───────────┐",
  "│Hello World│",
  "└───────────┘",
]
`;

exports[`Simple Builder [Hello World] 13`] = `
[
  "╭───────────╮",
  "│Hello World│",
  "╰───────────╯",
]
`;

exports[`Simple Builder [Hello World] 14`] = `
[
  "╭───────────╮",
  "│Hello World│",
  "╰───────────╯",
]
`;

exports[`Simple Builder [null] 1`] = `
[
  "┌┐",
  "└┘",
]
`;

exports[`Simple Builder [null] 2`] = `
[
  "┏┓",
  "┗┛",
]
`;

exports[`Simple Builder [null] 3`] = `
[
  "╔╗",
  "╚╝",
]
`;

exports[`Simple Builder [null] 4`] = `
[
  "╭╮",
  "╰╯",
]
`;

exports[`Simple Builder [null] 5`] = `
[
  "┎┒",
  "┖┚",
]
`;

exports[`Simple Builder [null] 6`] = `
[
  "┍┑",
  "┕┙",
]
`;

exports[`Simple Builder [null] 7`] = `
[
  "╓╖",
  "╙╜",
]
`;

exports[`Simple Builder [null] 8`] = `
[
  "╒╕",
  "╘╛",
]
`;

exports[`Simple Builder [null] 9`] = `
[
  "┌┐",
  "└┘",
]
`;

exports[`Simple Builder [null] 10`] = `
[
  "╔╗",
  "╚╝",
]
`;

exports[`Simple Builder [null] 11`] = `
[
  "┏┓",
  "┗┛",
]
`;

exports[`Simple Builder [null] 12`] = `
[
  "┌┐",
  "└┘",
]
`;

exports[`Simple Builder [null] 13`] = `
[
  "╭╮",
  "╰╯",
]
`;

exports[`Simple Builder [null] 14`] = `
[
  "╭╮",
  "╰╯",
]
`;
