// Jest Snapshot v1, https://goo.gl/fbAQLP

exports[`Builder DOUBLE [] 1`] = `
[
  "╔╗",
  "╚╝",
]
`;

exports[`Builder DOUBLE [A] 1`] = `
[
  "╔═╗",
  "║A║",
  "╚═╝",
]
`;

exports[`Builder DOUBLE [Hello World] 1`] = `
[
  "╔═══════════╗",
  "║Hello World║",
  "╚═══════════╝",
]
`;

exports[`Builder DOUBLE [null] 1`] = `
[
  "╔╗",
  "╚╝",
]
`;

exports[`Builder HORIZONTAL_DOUBLE_VERTICAL_THIN [] 1`] = `
[
  "╒╕",
  "╘╛",
]
`;

exports[`Builder HORIZONTAL_DOUBLE_VERTICAL_THIN [A] 1`] = `
[
  "╒═╕",
  "│A│",
  "╘═╛",
]
`;

exports[`Builder HORIZONTAL_DOUBLE_VERTICAL_THIN [Hello World] 1`] = `
[
  "╒═══════════╕",
  "│Hello World│",
  "╘═══════════╛",
]
`;

exports[`Builder HORIZONTAL_DOUBLE_VERTICAL_THIN [null] 1`] = `
[
  "╒╕",
  "╘╛",
]
`;

exports[`Builder HORIZONTAL_THICK_VERTICAL_THIN [] 1`] = `
[
  "┍┑",
  "┕┙",
]
`;

exports[`Builder HORIZONTAL_THICK_VERTICAL_THIN [A] 1`] = `
[
  "┍━┑",
  "│A│",
  "┕━┙",
]
`;

exports[`Builder HORIZONTAL_THICK_VERTICAL_THIN [Hello World] 1`] = `
[
  "┍━━━━━━━━━━━┑",
  "│Hello World│",
  "┕━━━━━━━━━━━┙",
]
`;

exports[`Builder HORIZONTAL_THICK_VERTICAL_THIN [null] 1`] = `
[
  "┍┑",
  "┕┙",
]
`;

exports[`Builder HORIZONTAL_THIN_VERTICAL_DOUBLE [] 1`] = `
[
  "╓╖",
  "╙╜",
]
`;

exports[`Builder HORIZONTAL_THIN_VERTICAL_DOUBLE [A] 1`] = `
[
  "╓─╖",
  "║A║",
  "╙─╜",
]
`;

exports[`Builder HORIZONTAL_THIN_VERTICAL_DOUBLE [Hello World] 1`] = `
[
  "╓───────────╖",
  "║Hello World║",
  "╙───────────╜",
]
`;

exports[`Builder HORIZONTAL_THIN_VERTICAL_DOUBLE [null] 1`] = `
[
  "╓╖",
  "╙╜",
]
`;

exports[`Builder HORIZONTAL_THIN_VERTICAL_THICK [] 1`] = `
[
  "┎┒",
  "┖┚",
]
`;

exports[`Builder HORIZONTAL_THIN_VERTICAL_THICK [A] 1`] = `
[
  "┎─┒",
  "┃A┃",
  "┖─┚",
]
`;

exports[`Builder HORIZONTAL_THIN_VERTICAL_THICK [Hello World] 1`] = `
[
  "┎───────────┒",
  "┃Hello World┃",
  "┖───────────┚",
]
`;

exports[`Builder HORIZONTAL_THIN_VERTICAL_THICK [null] 1`] = `
[
  "┎┒",
  "┖┚",
]
`;

exports[`Builder INNER_DOUBLE_OUTER_THIN [] 1`] = `
[
  "┌┐",
  "└┘",
]
`;

exports[`Builder INNER_DOUBLE_OUTER_THIN [A] 1`] = `
[
  "┌─┐",
  "│A│",
  "└─┘",
]
`;

exports[`Builder INNER_DOUBLE_OUTER_THIN [Hello World] 1`] = `
[
  "┌───────────┐",
  "│Hello World│",
  "└───────────┘",
]
`;

exports[`Builder INNER_DOUBLE_OUTER_THIN [null] 1`] = `
[
  "┌┐",
  "└┘",
]
`;

exports[`Builder INNER_DOUBLE_OUTER_THIN_CURVE [] 1`] = `
[
  "╭╮",
  "╰╯",
]
`;

exports[`Builder INNER_DOUBLE_OUTER_THIN_CURVE [A] 1`] = `
[
  "╭─╮",
  "│A│",
  "╰─╯",
]
`;

exports[`Builder INNER_DOUBLE_OUTER_THIN_CURVE [Hello World] 1`] = `
[
  "╭───────────╮",
  "│Hello World│",
  "╰───────────╯",
]
`;

exports[`Builder INNER_DOUBLE_OUTER_THIN_CURVE [null] 1`] = `
[
  "╭╮",
  "╰╯",
]
`;

exports[`Builder INNER_THICK_OUTER_THIN [] 1`] = `
[
  "┌┐",
  "└┘",
]
`;

exports[`Builder INNER_THICK_OUTER_THIN [A] 1`] = `
[
  "┌─┐",
  "│A│",
  "└─┘",
]
`;

exports[`Builder INNER_THICK_OUTER_THIN [Hello World] 1`] = `
[
  "┌───────────┐",
  "│Hello World│",
  "└───────────┘",
]
`;

exports[`Builder INNER_THICK_OUTER_THIN [null] 1`] = `
[
  "┌┐",
  "└┘",
]
`;

exports[`Builder INNER_THICK_OUTER_THIN_CURVE [] 1`] = `
[
  "╭╮",
  "╰╯",
]
`;

exports[`Builder INNER_THICK_OUTER_THIN_CURVE [A] 1`] = `
[
  "╭─╮",
  "│A│",
  "╰─╯",
]
`;

exports[`Builder INNER_THICK_OUTER_THIN_CURVE [Hello World] 1`] = `
[
  "╭───────────╮",
  "│Hello World│",
  "╰───────────╯",
]
`;

exports[`Builder INNER_THICK_OUTER_THIN_CURVE [null] 1`] = `
[
  "╭╮",
  "╰╯",
]
`;

exports[`Builder INNER_THIN_OUTER_DOUBLE [] 1`] = `
[
  "╔╗",
  "╚╝",
]
`;

exports[`Builder INNER_THIN_OUTER_DOUBLE [A] 1`] = `
[
  "╔═╗",
  "║A║",
  "╚═╝",
]
`;

exports[`Builder INNER_THIN_OUTER_DOUBLE [Hello World] 1`] = `
[
  "╔═══════════╗",
  "║Hello World║",
  "╚═══════════╝",
]
`;

exports[`Builder INNER_THIN_OUTER_DOUBLE [null] 1`] = `
[
  "╔╗",
  "╚╝",
]
`;

exports[`Builder INNER_THIN_OUTER_THICK [] 1`] = `
[
  "┏┓",
  "┗┛",
]
`;

exports[`Builder INNER_THIN_OUTER_THICK [A] 1`] = `
[
  "┏━┓",
  "┃A┃",
  "┗━┛",
]
`;

exports[`Builder INNER_THIN_OUTER_THICK [Hello World] 1`] = `
[
  "┏━━━━━━━━━━━┓",
  "┃Hello World┃",
  "┗━━━━━━━━━━━┛",
]
`;

exports[`Builder INNER_THIN_OUTER_THICK [null] 1`] = `
[
  "┏┓",
  "┗┛",
]
`;

exports[`Builder THICK [] 1`] = `
[
  "┏┓",
  "┗┛",
]
`;

exports[`Builder THICK [A] 1`] = `
[
  "┏━┓",
  "┃A┃",
  "┗━┛",
]
`;

exports[`Builder THICK [Hello World] 1`] = `
[
  "┏━━━━━━━━━━━┓",
  "┃Hello World┃",
  "┗━━━━━━━━━━━┛",
]
`;

exports[`Builder THICK [null] 1`] = `
[
  "┏┓",
  "┗┛",
]
`;

exports[`Builder THIN [] 1`] = `
[
  "┌┐",
  "└┘",
]
`;

exports[`Builder THIN [A] 1`] = `
[
  "┌─┐",
  "│A│",
  "└─┘",
]
`;

exports[`Builder THIN [Hello World] 1`] = `
[
  "┌───────────┐",
  "│Hello World│",
  "└───────────┘",
]
`;

exports[`Builder THIN [null] 1`] = `
[
  "┌┐",
  "└┘",
]
`;

exports[`Builder THINCURVE [] 1`] = `
[
  "╭╮",
  "╰╯",
]
`;

exports[`Builder THINCURVE [A] 1`] = `
[
  "╭─╮",
  "│A│",
  "╰─╯",
]
`;

exports[`Builder THINCURVE [Hello World] 1`] = `
[
  "╭───────────╮",
  "│Hello World│",
  "╰───────────╯",
]
`;

exports[`Builder THINCURVE [null] 1`] = `
[
  "╭╮",
  "╰╯",
]
`;
