// Jest Snapshot v1, https://goo.gl/fbAQLP

exports[`drawBoxHorizontalThinVerticalThick 1`] = `
[
  "┎─────┒",
  "┃hello┃",
  "┖─────┚",
]
`;

exports[`drawBoxHorizontalThinVerticalThick 2`] = `
[
  "┎──┒",
  "┃hi┃",
  "┖──┚",
]
`;

exports[`drawBoxHorizontalThinVerticalThick 3`] = `
[
  "┎──────────┒",
  "┃apa khabar┃",
  "┖──────────┚",
]
`;

exports[`drawBoxHorizontalThinVerticalThick 4`] = `
[
  "┎───────────┒",
  "┃Hello World┃",
  "┖───────────┚",
]
`;
