// Jest Snapshot v1, https://goo.gl/fbAQLP

exports[`drawBoxHorizontalThickVerticalThin 1`] = `
[
  "┍━━━━━┑",
  "│hello│",
  "┕━━━━━┙",
]
`;

exports[`drawBoxHorizontalThickVerticalThin 2`] = `
[
  "┍━━┑",
  "│hi│",
  "┕━━┙",
]
`;

exports[`drawBoxHorizontalThickVerticalThin 3`] = `
[
  "┍━━━━━━━━━━┑",
  "│apa khabar│",
  "┕━━━━━━━━━━┙",
]
`;

exports[`drawBoxHorizontalThickVerticalThin 4`] = `
[
  "┍━━━━━━━━━━━┑",
  "│Hello World│",
  "┕━━━━━━━━━━━┙",
]
`;
