// Jest Snapshot v1, https://goo.gl/fbAQLP

exports[`drawBoxInnerThinOuterDouble 1`] = `
[
  "╔═════╗",
  "║hello║",
  "╚═════╝",
]
`;

exports[`drawBoxInnerThinOuterDouble 2`] = `
[
  "╔══╗",
  "║hi║",
  "╚══╝",
]
`;

exports[`drawBoxInnerThinOuterDouble 3`] = `
[
  "╔══════════╗",
  "║apa khabar║",
  "╚══════════╝",
]
`;

exports[`drawBoxInnerThinOuterDouble 4`] = `
[
  "╔═══════════╗",
  "║Hello World║",
  "╚═══════════╝",
]
`;
