// Jest Snapshot v1, https://goo.gl/fbAQLP

exports[`drawBoxHorizontalDoubleVerticalThin 1`] = `
[
  "╒═════╕",
  "│hello│",
  "╘═════╛",
]
`;

exports[`drawBoxHorizontalDoubleVerticalThin 2`] = `
[
  "╒══╕",
  "│hi│",
  "╘══╛",
]
`;

exports[`drawBoxHorizontalDoubleVerticalThin 3`] = `
[
  "╒══════════╕",
  "│apa khabar│",
  "╘══════════╛",
]
`;

exports[`drawBoxHorizontalDoubleVerticalThin 4`] = `
[
  "╒═══════════╕",
  "│Hello World│",
  "╘═══════════╛",
]
`;
