// Jest Snapshot v1, https://goo.gl/fbAQLP

exports[`Simple drawBoxDouble [] 1`] = `
[
  "╔╗",
  "╚╝",
]
`;

exports[`Simple drawBoxDouble [A] 1`] = `
[
  "╔═╗",
  "║A║",
  "╚═╝",
]
`;

exports[`Simple drawBoxDouble [Hello World] 1`] = `
[
  "╔═══════════╗",
  "║Hello World║",
  "╚═══════════╝",
]
`;

exports[`Simple drawBoxDouble [null] 1`] = `
[
  "╔╗",
  "╚╝",
]
`;

exports[`Simple drawBoxHorizontalDoubleVerticalThin [] 1`] = `
[
  "╒╕",
  "╘╛",
]
`;

exports[`Simple drawBoxHorizontalDoubleVerticalThin [A] 1`] = `
[
  "╒═╕",
  "│A│",
  "╘═╛",
]
`;

exports[`Simple drawBoxHorizontalDoubleVerticalThin [Hello World] 1`] = `
[
  "╒═══════════╕",
  "│Hello World│",
  "╘═══════════╛",
]
`;

exports[`Simple drawBoxHorizontalDoubleVerticalThin [null] 1`] = `
[
  "╒╕",
  "╘╛",
]
`;

exports[`Simple drawBoxHorizontalThickVerticalThin [] 1`] = `
[
  "┍┑",
  "┕┙",
]
`;

exports[`Simple drawBoxHorizontalThickVerticalThin [A] 1`] = `
[
  "┍━┑",
  "│A│",
  "┕━┙",
]
`;

exports[`Simple drawBoxHorizontalThickVerticalThin [Hello World] 1`] = `
[
  "┍━━━━━━━━━━━┑",
  "│Hello World│",
  "┕━━━━━━━━━━━┙",
]
`;

exports[`Simple drawBoxHorizontalThickVerticalThin [null] 1`] = `
[
  "┍┑",
  "┕┙",
]
`;

exports[`Simple drawBoxHorizontalThinVerticalDouble [] 1`] = `
[
  "╓╖",
  "╙╜",
]
`;

exports[`Simple drawBoxHorizontalThinVerticalDouble [A] 1`] = `
[
  "╓─╖",
  "║A║",
  "╙─╜",
]
`;

exports[`Simple drawBoxHorizontalThinVerticalDouble [Hello World] 1`] = `
[
  "╓───────────╖",
  "║Hello World║",
  "╙───────────╜",
]
`;

exports[`Simple drawBoxHorizontalThinVerticalDouble [null] 1`] = `
[
  "╓╖",
  "╙╜",
]
`;

exports[`Simple drawBoxHorizontalThinVerticalThick [] 1`] = `
[
  "┎┒",
  "┖┚",
]
`;

exports[`Simple drawBoxHorizontalThinVerticalThick [A] 1`] = `
[
  "┎─┒",
  "┃A┃",
  "┖─┚",
]
`;

exports[`Simple drawBoxHorizontalThinVerticalThick [Hello World] 1`] = `
[
  "┎───────────┒",
  "┃Hello World┃",
  "┖───────────┚",
]
`;

exports[`Simple drawBoxHorizontalThinVerticalThick [null] 1`] = `
[
  "┎┒",
  "┖┚",
]
`;

exports[`Simple drawBoxInnerDoubleOuterThin [] 1`] = `
[
  "┌┐",
  "└┘",
]
`;

exports[`Simple drawBoxInnerDoubleOuterThin [A] 1`] = `
[
  "┌─┐",
  "│A│",
  "└─┘",
]
`;

exports[`Simple drawBoxInnerDoubleOuterThin [Hello World] 1`] = `
[
  "┌───────────┐",
  "│Hello World│",
  "└───────────┘",
]
`;

exports[`Simple drawBoxInnerDoubleOuterThin [null] 1`] = `
[
  "┌┐",
  "└┘",
]
`;

exports[`Simple drawBoxInnerDoubleOuterThinCurve [] 1`] = `
[
  "╭╮",
  "╰╯",
]
`;

exports[`Simple drawBoxInnerDoubleOuterThinCurve [A] 1`] = `
[
  "╭─╮",
  "│A│",
  "╰─╯",
]
`;

exports[`Simple drawBoxInnerDoubleOuterThinCurve [Hello World] 1`] = `
[
  "╭───────────╮",
  "│Hello World│",
  "╰───────────╯",
]
`;

exports[`Simple drawBoxInnerDoubleOuterThinCurve [null] 1`] = `
[
  "╭╮",
  "╰╯",
]
`;

exports[`Simple drawBoxInnerThickOuterThin [] 1`] = `
[
  "┌┐",
  "└┘",
]
`;

exports[`Simple drawBoxInnerThickOuterThin [A] 1`] = `
[
  "┌─┐",
  "│A│",
  "└─┘",
]
`;

exports[`Simple drawBoxInnerThickOuterThin [Hello World] 1`] = `
[
  "┌───────────┐",
  "│Hello World│",
  "└───────────┘",
]
`;

exports[`Simple drawBoxInnerThickOuterThin [null] 1`] = `
[
  "┌┐",
  "└┘",
]
`;

exports[`Simple drawBoxInnerThickOuterThinCurve [] 1`] = `
[
  "╭╮",
  "╰╯",
]
`;

exports[`Simple drawBoxInnerThickOuterThinCurve [A] 1`] = `
[
  "╭─╮",
  "│A│",
  "╰─╯",
]
`;

exports[`Simple drawBoxInnerThickOuterThinCurve [Hello World] 1`] = `
[
  "╭───────────╮",
  "│Hello World│",
  "╰───────────╯",
]
`;

exports[`Simple drawBoxInnerThickOuterThinCurve [null] 1`] = `
[
  "╭╮",
  "╰╯",
]
`;

exports[`Simple drawBoxInnerThinOuterDouble [] 1`] = `
[
  "╔╗",
  "╚╝",
]
`;

exports[`Simple drawBoxInnerThinOuterDouble [A] 1`] = `
[
  "╔═╗",
  "║A║",
  "╚═╝",
]
`;

exports[`Simple drawBoxInnerThinOuterDouble [Hello World] 1`] = `
[
  "╔═══════════╗",
  "║Hello World║",
  "╚═══════════╝",
]
`;

exports[`Simple drawBoxInnerThinOuterDouble [null] 1`] = `
[
  "╔╗",
  "╚╝",
]
`;

exports[`Simple drawBoxInnerThinOuterThick [] 1`] = `
[
  "┏┓",
  "┗┛",
]
`;

exports[`Simple drawBoxInnerThinOuterThick [A] 1`] = `
[
  "┏━┓",
  "┃A┃",
  "┗━┛",
]
`;

exports[`Simple drawBoxInnerThinOuterThick [Hello World] 1`] = `
[
  "┏━━━━━━━━━━━┓",
  "┃Hello World┃",
  "┗━━━━━━━━━━━┛",
]
`;

exports[`Simple drawBoxInnerThinOuterThick [null] 1`] = `
[
  "┏┓",
  "┗┛",
]
`;

exports[`Simple drawBoxThick [] 1`] = `
[
  "┏┓",
  "┗┛",
]
`;

exports[`Simple drawBoxThick [A] 1`] = `
[
  "┏━┓",
  "┃A┃",
  "┗━┛",
]
`;

exports[`Simple drawBoxThick [Hello World] 1`] = `
[
  "┏━━━━━━━━━━━┓",
  "┃Hello World┃",
  "┗━━━━━━━━━━━┛",
]
`;

exports[`Simple drawBoxThick [null] 1`] = `
[
  "┏┓",
  "┗┛",
]
`;

exports[`Simple drawBoxThin [] 1`] = `
[
  "┌┐",
  "└┘",
]
`;

exports[`Simple drawBoxThin [A] 1`] = `
[
  "┌─┐",
  "│A│",
  "└─┘",
]
`;

exports[`Simple drawBoxThin [Hello World] 1`] = `
[
  "┌───────────┐",
  "│Hello World│",
  "└───────────┘",
]
`;

exports[`Simple drawBoxThin [null] 1`] = `
[
  "┌┐",
  "└┘",
]
`;

exports[`Simple drawBoxThinCurve [] 1`] = `
[
  "╭╮",
  "╰╯",
]
`;

exports[`Simple drawBoxThinCurve [A] 1`] = `
[
  "╭─╮",
  "│A│",
  "╰─╯",
]
`;

exports[`Simple drawBoxThinCurve [Hello World] 1`] = `
[
  "╭───────────╮",
  "│Hello World│",
  "╰───────────╯",
]
`;

exports[`Simple drawBoxThinCurve [null] 1`] = `
[
  "╭╮",
  "╰╯",
]
`;

exports[`Simple drawBoxVerticalBarPlusMinus [] 1`] = `
[
  "++",
  "++",
]
`;

exports[`Simple drawBoxVerticalBarPlusMinus [A] 1`] = `
[
  "+-+",
  "|A|",
  "+-+",
]
`;

exports[`Simple drawBoxVerticalBarPlusMinus [Hello World] 1`] = `
[
  "+-----------+",
  "|Hello World|",
  "+-----------+",
]
`;

exports[`Simple drawBoxVerticalBarPlusMinus [null] 1`] = `
[
  "++",
  "++",
]
`;
