// Jest Snapshot v1, https://goo.gl/fbAQLP

exports[`Blank Array Inner 1`] = `
[
  "┏━━━┯━━━┯━━━┳━━━┯━━━┯━━━┳━━━┯━━━┯━━━┓",
  "┃   │   │   ┃   │   │   ┃   │   │   ┃",
  "┠───┼───┼───╂───┼───┼───╂───┼───┼───┨",
  "┃   │   │   ┃   │   │   ┃   │   │   ┃",
  "┠───┼───┼───╂───┼───┼───╂───┼───┼───┨",
  "┃   │   │   ┃   │   │   ┃   │   │   ┃",
  "┣━━━┿━━━┿━━━╋━━━┿━━━┿━━━╋━━━┿━━━┿━━━┫",
  "┃   │   │   ┃   │   │   ┃   │   │   ┃",
  "┠───┼───┼───╂───┼───┼───╂───┼───┼───┨",
  "┃   │   │   ┃   │   │   ┃   │   │   ┃",
  "┠───┼───┼───╂───┼───┼───╂───┼───┼───┨",
  "┃   │   │   ┃   │   │   ┃   │   │   ┃",
  "┣━━━┿━━━┿━━━╋━━━┿━━━┿━━━╋━━━┿━━━┿━━━┫",
  "┃   │   │   ┃   │   │   ┃   │   │   ┃",
  "┠───┼───┼───╂───┼───┼───╂───┼───┼───┨",
  "┃   │   │   ┃   │   │   ┃   │   │   ┃",
  "┠───┼───┼───╂───┼───┼───╂───┼───┼───┨",
  "┃   │   │   ┃   │   │   ┃   │   │   ┃",
  "┗━━━┷━━━┷━━━┻━━━┷━━━┷━━━┻━━━┷━━━┷━━━┛",
]
`;

exports[`Blank Array Inner 2 1`] = `
[
  "┏━━━┯━━━┯━━━┳━━━┯━━━┯━━━┳━━━┯━━━┯━━━┓",
  "┃   │   │   ┃   │   │   ┃   │   │   ┃",
  "┠───┼───┼───╂───┼───┼───╂───┼───┼───┨",
  "┃   │   │   ┃   │   │   ┃   │   │   ┃",
  "┠───┼───┼───╂───┼───┼───╂───┼───┼───┨",
  "┃   │   │   ┃   │   │   ┃   │   │   ┃",
  "┣━━━┿━━━┿━━━╋━━━┿━━━┿━━━╋━━━┿━━━┿━━━┫",
  "┃   │   │   ┃   │   │   ┃   │   │   ┃",
  "┠───┼───┼───╂───┼───┼───╂───┼───┼───┨",
  "┃   │   │   ┃   │   │   ┃   │   │   ┃",
  "┠───┼───┼───╂───┼───┼───╂───┼───┼───┨",
  "┃   │   │   ┃   │   │   ┃   │   │   ┃",
  "┣━━━┿━━━┿━━━╋━━━┿━━━┿━━━╋━━━┿━━━┿━━━┫",
  "┃   │   │   ┃   │   │   ┃   │   │   ┃",
  "┠───┼───┼───╂───┼───┼───╂───┼───┼───┨",
  "┃   │   │   ┃   │   │   ┃   │   │   ┃",
  "┠───┼───┼───╂───┼───┼───╂───┼───┼───┨",
  "┃   │   │   ┃   │   │   ┃   │   │   ┃",
  "┗━━━┷━━━┷━━━┻━━━┷━━━┷━━━┻━━━┷━━━┷━━━┛",
]
`;

exports[`Blank Array Outer 1`] = `
[
  "┏━━━┯━━━┯━━━┳━━━┯━━━┯━━━┳━━━┯━━━┯━━━┓",
  "┃   │   │   ┃   │   │   ┃   │   │   ┃",
  "┠───┼───┼───╂───┼───┼───╂───┼───┼───┨",
  "┃   │   │   ┃   │   │   ┃   │   │   ┃",
  "┠───┼───┼───╂───┼───┼───╂───┼───┼───┨",
  "┃   │   │   ┃   │   │   ┃   │   │   ┃",
  "┣━━━┿━━━┿━━━╋━━━┿━━━┿━━━╋━━━┿━━━┿━━━┫",
  "┃   │   │   ┃   │   │   ┃   │   │   ┃",
  "┠───┼───┼───╂───┼───┼───╂───┼───┼───┨",
  "┃   │   │   ┃   │   │   ┃   │   │   ┃",
  "┠───┼───┼───╂───┼───┼───╂───┼───┼───┨",
  "┃   │   │   ┃   │   │   ┃   │   │   ┃",
  "┣━━━┿━━━┿━━━╋━━━┿━━━┿━━━╋━━━┿━━━┿━━━┫",
  "┃   │   │   ┃   │   │   ┃   │   │   ┃",
  "┠───┼───┼───╂───┼───┼───╂───┼───┼───┨",
  "┃   │   │   ┃   │   │   ┃   │   │   ┃",
  "┠───┼───┼───╂───┼───┼───╂───┼───┼───┨",
  "┃   │   │   ┃   │   │   ┃   │   │   ┃",
  "┗━━━┷━━━┷━━━┻━━━┷━━━┷━━━┻━━━┷━━━┷━━━┛",
]
`;
