// Jest Snapshot v1, https://jestjs.io/docs/snapshot-testing

exports[`Array Blank Array Inner 1`] = `
[
  "┏━━━┯━━━┯━━━┳━━━┯━━━┯━━━┳━━━┯━━━┯━━━┓",
  "┃   │   │   ┃   │   │   ┃   │   │   ┃",
  "┠───┼───┼───╂───┼───┼───╂───┼───┼───┨",
  "┃   │   │   ┃   │   │   ┃   │   │   ┃",
  "┠───┼───┼───╂───┼───┼───╂───┼───┼───┨",
  "┃   │   │   ┃   │   │   ┃   │   │   ┃",
  "┣━━━┿━━━┿━━━╋━━━┿━━━┿━━━╋━━━┿━━━┿━━━┫",
  "┃   │   │   ┃   │   │   ┃   │   │   ┃",
  "┠───┼───┼───╂───┼───┼───╂───┼───┼───┨",
  "┃   │   │   ┃   │   │   ┃   │   │   ┃",
  "┠───┼───┼───╂───┼───┼───╂───┼───┼───┨",
  "┃   │   │   ┃   │   │   ┃   │   │   ┃",
  "┣━━━┿━━━┿━━━╋━━━┿━━━┿━━━╋━━━┿━━━┿━━━┫",
  "┃   │   │   ┃   │   │   ┃   │   │   ┃",
  "┠───┼───┼───╂───┼───┼───╂───┼───┼───┨",
  "┃   │   │   ┃   │   │   ┃   │   │   ┃",
  "┠───┼───┼───╂───┼───┼───╂───┼───┼───┨",
  "┃   │   │   ┃   │   │   ┃   │   │   ┃",
  "┗━━━┷━━━┷━━━┻━━━┷━━━┷━━━┻━━━┷━━━┷━━━┛",
]
`;

exports[`Array Blank Array Inner 2`] = `
[
  "╔═══╤═══╤═══╦═══╤═══╤═══╦═══╤═══╤═══╗",
  "║   │   │   ║   │   │   ║   │   │   ║",
  "╟───┼───┼───╫───┼───┼───╫───┼───┼───╢",
  "║   │   │   ║   │   │   ║   │   │   ║",
  "╟───┼───┼───╫───┼───┼───╫───┼───┼───╢",
  "║   │   │   ║   │   │   ║   │   │   ║",
  "╠═══╪═══╪═══╬═══╪═══╪═══╬═══╪═══╪═══╣",
  "║   │   │   ║   │   │   ║   │   │   ║",
  "╟───┼───┼───╫───┼───┼───╫───┼───┼───╢",
  "║   │   │   ║   │   │   ║   │   │   ║",
  "╟───┼───┼───╫───┼───┼───╫───┼───┼───╢",
  "║   │   │   ║   │   │   ║   │   │   ║",
  "╠═══╪═══╪═══╬═══╪═══╪═══╬═══╪═══╪═══╣",
  "║   │   │   ║   │   │   ║   │   │   ║",
  "╟───┼───┼───╫───┼───┼───╫───┼───┼───╢",
  "║   │   │   ║   │   │   ║   │   │   ║",
  "╟───┼───┼───╫───┼───┼───╫───┼───┼───╢",
  "║   │   │   ║   │   │   ║   │   │   ║",
  "╚═══╧═══╧═══╩═══╧═══╧═══╩═══╧═══╧═══╝",
]
`;

exports[`Array Blank Array Inner 2 1`] = `
[
  "┏━━━┯━━━┯━━━┳━━━┯━━━┯━━━┳━━━┯━━━┯━━━┓",
  "┃   │   │   ┃   │   │   ┃   │   │   ┃",
  "┠───┼───┼───╂───┼───┼───╂───┼───┼───┨",
  "┃   │   │   ┃   │   │   ┃   │   │   ┃",
  "┠───┼───┼───╂───┼───┼───╂───┼───┼───┨",
  "┃   │   │   ┃   │   │   ┃   │   │   ┃",
  "┣━━━┿━━━┿━━━╋━━━┿━━━┿━━━╋━━━┿━━━┿━━━┫",
  "┃   │   │   ┃   │   │   ┃   │   │   ┃",
  "┠───┼───┼───╂───┼───┼───╂───┼───┼───┨",
  "┃   │   │   ┃   │   │   ┃   │   │   ┃",
  "┠───┼───┼───╂───┼───┼───╂───┼───┼───┨",
  "┃   │   │   ┃   │   │   ┃   │   │   ┃",
  "┣━━━┿━━━┿━━━╋━━━┿━━━┿━━━╋━━━┿━━━┿━━━┫",
  "┃   │   │   ┃   │   │   ┃   │   │   ┃",
  "┠───┼───┼───╂───┼───┼───╂───┼───┼───┨",
  "┃   │   │   ┃   │   │   ┃   │   │   ┃",
  "┠───┼───┼───╂───┼───┼───╂───┼───┼───┨",
  "┃   │   │   ┃   │   │   ┃   │   │   ┃",
  "┗━━━┷━━━┷━━━┻━━━┷━━━┷━━━┻━━━┷━━━┷━━━┛",
]
`;

exports[`Array Blank Array Inner 2 2`] = `
[
  "╔═══╤═══╤═══╦═══╤═══╤═══╦═══╤═══╤═══╗",
  "║   │   │   ║   │   │   ║   │   │   ║",
  "╟───┼───┼───╫───┼───┼───╫───┼───┼───╢",
  "║   │   │   ║   │   │   ║   │   │   ║",
  "╟───┼───┼───╫───┼───┼───╫───┼───┼───╢",
  "║   │   │   ║   │   │   ║   │   │   ║",
  "╠═══╪═══╪═══╬═══╪═══╪═══╬═══╪═══╪═══╣",
  "║   │   │   ║   │   │   ║   │   │   ║",
  "╟───┼───┼───╫───┼───┼───╫───┼───┼───╢",
  "║   │   │   ║   │   │   ║   │   │   ║",
  "╟───┼───┼───╫───┼───┼───╫───┼───┼───╢",
  "║   │   │   ║   │   │   ║   │   │   ║",
  "╠═══╪═══╪═══╬═══╪═══╪═══╬═══╪═══╪═══╣",
  "║   │   │   ║   │   │   ║   │   │   ║",
  "╟───┼───┼───╫───┼───┼───╫───┼───┼───╢",
  "║   │   │   ║   │   │   ║   │   │   ║",
  "╟───┼───┼───╫───┼───┼───╫───┼───┼───╢",
  "║   │   │   ║   │   │   ║   │   │   ║",
  "╚═══╧═══╧═══╩═══╧═══╧═══╩═══╧═══╧═══╝",
]
`;

exports[`Array Blank Array Outer 1`] = `
[
  "┏━━━┯━━━┯━━━┳━━━┯━━━┯━━━┳━━━┯━━━┯━━━┓",
  "┃   │   │   ┃   │   │   ┃   │   │   ┃",
  "┠───┼───┼───╂───┼───┼───╂───┼───┼───┨",
  "┃   │   │   ┃   │   │   ┃   │   │   ┃",
  "┠───┼───┼───╂───┼───┼───╂───┼───┼───┨",
  "┃   │   │   ┃   │   │   ┃   │   │   ┃",
  "┣━━━┿━━━┿━━━╋━━━┿━━━┿━━━╋━━━┿━━━┿━━━┫",
  "┃   │   │   ┃   │   │   ┃   │   │   ┃",
  "┠───┼───┼───╂───┼───┼───╂───┼───┼───┨",
  "┃   │   │   ┃   │   │   ┃   │   │   ┃",
  "┠───┼───┼───╂───┼───┼───╂───┼───┼───┨",
  "┃   │   │   ┃   │   │   ┃   │   │   ┃",
  "┣━━━┿━━━┿━━━╋━━━┿━━━┿━━━╋━━━┿━━━┿━━━┫",
  "┃   │   │   ┃   │   │   ┃   │   │   ┃",
  "┠───┼───┼───╂───┼───┼───╂───┼───┼───┨",
  "┃   │   │   ┃   │   │   ┃   │   │   ┃",
  "┠───┼───┼───╂───┼───┼───╂───┼───┼───┨",
  "┃   │   │   ┃   │   │   ┃   │   │   ┃",
  "┗━━━┷━━━┷━━━┻━━━┷━━━┷━━━┻━━━┷━━━┷━━━┛",
]
`;

exports[`Array Blank Array Outer 2`] = `
[
  "╔═══╤═══╤═══╦═══╤═══╤═══╦═══╤═══╤═══╗",
  "║   │   │   ║   │   │   ║   │   │   ║",
  "╟───┼───┼───╫───┼───┼───╫───┼───┼───╢",
  "║   │   │   ║   │   │   ║   │   │   ║",
  "╟───┼───┼───╫───┼───┼───╫───┼───┼───╢",
  "║   │   │   ║   │   │   ║   │   │   ║",
  "╠═══╪═══╪═══╬═══╪═══╪═══╬═══╪═══╪═══╣",
  "║   │   │   ║   │   │   ║   │   │   ║",
  "╟───┼───┼───╫───┼───┼───╫───┼───┼───╢",
  "║   │   │   ║   │   │   ║   │   │   ║",
  "╟───┼───┼───╫───┼───┼───╫───┼───┼───╢",
  "║   │   │   ║   │   │   ║   │   │   ║",
  "╠═══╪═══╪═══╬═══╪═══╪═══╬═══╪═══╪═══╣",
  "║   │   │   ║   │   │   ║   │   │   ║",
  "╟───┼───┼───╫───┼───┼───╫───┼───┼───╢",
  "║   │   │   ║   │   │   ║   │   │   ║",
  "╟───┼───┼───╫───┼───┼───╫───┼───┼───╢",
  "║   │   │   ║   │   │   ║   │   │   ║",
  "╚═══╧═══╧═══╩═══╧═══╧═══╩═══╧═══╧═══╝",
]
`;
